Nothing to build in platform 'speed_sensor_motor_control_export'

22:01:56 **** Incremental Build of configuration Debug for project speed_sensor_motor_control ****
make all 
make --no-print-directory pre-build
a9-linaro-pre-build-step
' '
make --no-print-directory main-build
'Building file: ../src/helloworld.c'
'Invoking: ARM v7 gcc compiler'
arm-none-eabi-gcc -Wall -O0 -g3 -c -fmessage-length=0 -MT"src/helloworld.o" -mcpu=cortex-a9 -mfpu=vfpv3 -mfloat-abi=hard -IC:/Users/dries/ss_and_mc/speed_sensor_motor_control_export/export/speed_sensor_motor_control_export/sw/speed_sensor_motor_control_export/standalone_ps7_cortexa9_0/bspinclude/include -MMD -MP -MF"src/helloworld.d" -MT"src/helloworld.o" -o "src/helloworld.o" "../src/helloworld.c"
'Finished building: ../src/helloworld.c'
' '
'Building target: speed_sensor_motor_control.elf'
'Invoking: ARM v7 gcc linker'
arm-none-eabi-gcc -mcpu=cortex-a9 -mfpu=vfpv3 -mfloat-abi=hard -Wl,-build-id=none -specs=Xilinx.spec -Wl,-T -Wl,../src/lscript.ld -LC:/Users/dries/ss_and_mc/speed_sensor_motor_control_export/export/speed_sensor_motor_control_export/sw/speed_sensor_motor_control_export/standalone_ps7_cortexa9_0/bsplib/lib -o "speed_sensor_motor_control.elf"  ./src/helloworld.o ./src/platform.o   -Wl,--start-group,-lxil,-lgcc,-lc,--end-group
'Finished building target: speed_sensor_motor_control.elf'
' '
'Invoking: ARM v7 Print Size'
arm-none-eabi-size speed_sensor_motor_control.elf  |tee "speed_sensor_motor_control.elf.size"
   text	   data	    bss	    dec	    hex	filename
  31503	   1944	  22656	  56103	   db27	speed_sensor_motor_control.elf
'Finished building: speed_sensor_motor_control.elf.size'
' '
