09:19:54 **** Incremental Build of configuration Debug for project DSPApp ****
make -j16 all 
make --no-print-directory pre-build
a9-linaro-pre-build-step
' '
make --no-print-directory main-build
'Building file: ../src/helloworld.c'
'Invoking: ARM v7 gcc compiler'
arm-none-eabi-gcc -DDISABLEFLOAT16 -DARM_MATH_NEON -Wall -O0 -g3 -IC:/Users/dries/ZDSP/AudioProcessing2/export/AudioProcessing2/sw/AudioProcessing2/standalone_ps7_cortexa9_0/bspinclude/include -I"C:\Users\dries\ZDSP\DSPApp\src\ComputeLibrary" -I"C:\Users\dries\ZDSP\DSPApp\src\Include" -I"C:\Users\dries\ZDSP\DSPApp\src\PrivateInclude" -I"C:\Users\dries\ZDSP\DSPApp\src\Include\dsp" -I"C:\Users\dries\ZDSP\DSPApp\src\Source" -I"C:\Users\dries\ZDSP\DSPApp\src\ComputeLibrary\Include" -c -fmessage-length=0 -MT"src/helloworld.o" -mcpu=cortex-a9 -mfpu=neon-vfpv4 -mfloat-abi=hard -MMD -MP -MF"src/helloworld.d" -MT"src/helloworld.o" -o "src/helloworld.o" "../src/helloworld.c"
../src/helloworld.c: In function 'Timer_Intr_Setup':
../src/helloworld.c:46:13: warning: variable 'Status' set but not used [-Wunused-but-set-variable]
   46 |         int Status;
      |             ^~~~~~
../src/helloworld.c: In function 'main':
../src/helloworld.c:67:15: warning: variable 'Status' set but not used [-Wunused-but-set-variable]
   67 |           int Status;
      |               ^~~~~~
'Finished building: ../src/helloworld.c'
' '
'Building target: DSPApp.elf'
'Invoking: ARM v7 gcc linker'
'Finished building target: DSPApp.elf'
' '
'Invoking: ARM v7 Print Size'
arm-none-eabi-size DSPApp.elf  |tee "DSPApp.elf.size"
   text	   data	    bss	    dec	    hex	filename
1562912	  10144	  22672	1595728	 185950	DSPApp.elf
'Finished building: DSPApp.elf.size'
' '

09:20:12 Build Finished (took 18s.346ms)

