Nothing to build in platform 'design_1_wrapper'

08:37:17 **** Incremental Build of configuration Debug for project eFPGA_I2C_Application_system ****
make all 
make --no-print-directory pre-build
a9-linaro-pre-build-step
' '
make --no-print-directory main-build
'Building file: ../src/helloworld.c'
'Invoking: ARM v7 gcc compiler'
arm-none-eabi-gcc -Wall -O0 -g3 -c -fmessage-length=0 -MT"src/helloworld.o" -mcpu=cortex-a9 -mfpu=vfpv3 -mfloat-abi=hard -IC:/Users/dries/IMU/design_1_wrapper/export/design_1_wrapper/sw/design_1_wrapper/standalone_ps7_cortexa9_0/bspinclude/include -MMD -MP -MF"src/helloworld.d" -MT"src/helloworld.o" -o "src/helloworld.o" "../src/helloworld.c"
'Finished building: ../src/helloworld.c'
' '
'Building target: eFPGA_I2C_Application_system.elf'
'Invoking: ARM v7 gcc linker'
arm-none-eabi-gcc -mcpu=cortex-a9 -mfpu=vfpv3 -mfloat-abi=hard -Wl,-build-id=none -specs=Xilinx.spec -Wl,-T -Wl,../src/lscript.ld -LC:/Users/dries/IMU/design_1_wrapper/export/design_1_wrapper/sw/design_1_wrapper/standalone_ps7_cortexa9_0/bsplib/lib -o "eFPGA_I2C_Application_system.elf"  ./src/helloworld.o ./src/lis2ds12_pl.o ./src/platform.o   -lm -Wl,--start-group,-lxil,-lgcc,-lc,--end-group
'Finished building target: eFPGA_I2C_Application_system.elf'
' '
'Invoking: ARM v7 Print Size'
arm-none-eabi-size eFPGA_I2C_Application_system.elf  |tee "eFPGA_I2C_Application_system.elf.size"
   text	   data	    bss	    dec	    hex	filename
  55751	   2584	  23384	  81719	  13f37	eFPGA_I2C_Application_system.elf
'Finished building: eFPGA_I2C_Application_system.elf.size'
' '
